Starting verification test...

Testing: Frontend Resume
AI Request: Using OpenRouter (google/gemini-2.0-flash-lite-preview-02-05:free)
AI Response: {"role":"Frontend Developer","experience":"3 years","projects":["Analysis completed in Fallback Mode"],"skills":["React","Javascript","Tailwind"]}

Testing: Data Science Resume
AI Request: Using OpenRouter (google/gemini-2.0-flash-lite-preview-02-05:free)
AI Response: {"role":"Python Developer","experience":"5 years","projects":["Analysis completed in Fallback Mode"],"skills":["Python","SQL"]}

Testing: MERN Resume
AI Request: Using OpenRouter (google/gemini-2.0-flash-lite-preview-02-05:free)
AI Response: {"role":"Backend Developer","experience":"4 years","projects":["Analysis completed in Fallback Mode"],"skills":["React","Node.js","MongoDB","Express"]}
